// Vitest Snapshot v1, https://vitest.dev/guide/snapshot.html

exports[`Toggle component > renders toggle options correctly 1`] = `
<DocumentFragment>
  <div
    class="_wrapper_eb77c6 border-levelup-200 dark:border-levelup-350 bg-levelup-600 dark:bg-levelup-200"
  >
    <div
      class="_toggleHandle_eb77c6 bg-levelup-200 dark:bg-levelup-600"
    >
      <span>
        Icon1
      </span>
      <span
        class="text-levelup-600 dark:text-levelup-50 leading-[1.875rem] hidden sm:inline-block"
      >
        Option 1
      </span>
    </div>
    <div
      class="_toggleHandle_eb77c6 bg-levelup-600 dark:bg-levelup-200"
    >
      <span>
        Icon2
      </span>
      <span
        class="text-levelup-200 dark:text-levelup-600 leading-[1.875rem] hidden sm:inline-block"
      >
        Option 2
      </span>
    </div>
  </div>
</DocumentFragment>
`;
